// Jest Snapshot v1, https://goo.gl/fbAQLP

exports[`Pruebas en  <FirstApp /> debe de hacer match con el snapshot 1`] = `
<div>
  <h1
    data-testid="test-title"
  >
    Hola, Soy Luis
  </h1>
  <p>
    123
  </p>
  <p>
    123
  </p>
  <p>
    Luis Vargas
  </p>
</div>
`;
